// Jest Snapshot v1, https://goo.gl/fbAQLP

exports[`CounterTesting renders correctly 1`] = `
<View
  style={
    Array [
      Object {
        "alignItems": "center",
        "backgroundColor": "#fff",
        "flexBasis": 0,
        "flexGrow": 1,
        "flexShrink": 1,
        "justifyContent": "center",
      },
      undefined,
    ]
  }
>
  <Text
    accessible={true}
    allowFontScaling={true}
    ellipsizeMode="tail"
    style={
      Array [
        Object {
          "fontSize": 20,
          "marginBottom": 5,
          "textAlign": "center",
        },
        undefined,
      ]
    }
  >
    Welcome to React Native Reactive!
  </Text>
  <Text
    accessible={true}
    allowFontScaling={true}
    ellipsizeMode="tail"
  >
    Counter: 
    0
  </Text>
  <Text
    accessible={true}
    allowFontScaling={true}
    ellipsizeMode="tail"
  >
    Total clicks: 
    0
  </Text>
  <View
    accessibilityComponentType={undefined}
    accessibilityLabel={undefined}
    accessibilityTraits={undefined}
    accessible={true}
    hasTVPreferredFocus={undefined}
    hitSlop={undefined}
    isTVSelectable={true}
    nativeID={undefined}
    onLayout={undefined}
    onResponderGrant={[Function]}
    onResponderMove={[Function]}
    onResponderRelease={[Function]}
    onResponderTerminate={[Function]}
    onResponderTerminationRequest={[Function]}
    onStartShouldSetResponder={[Function]}
    style={
      Array [
        Object {
          "backgroundColor": "transparent",
        },
        Array [
          Object {
            "alignItems": "center",
            "borderRadius": 5,
            "borderWidth": 1,
            "justifyContent": "center",
          },
          Object {
            "height": 47,
            "paddingLeft": 15,
            "paddingRight": 15,
          },
          Object {
            "backgroundColor": "#108ee9",
            "borderColor": "#108ee9",
          },
          false,
          false,
          false,
          undefined,
        ],
      ]
    }
    testID={undefined}
    tvParallaxProperties={undefined}
  >
    <View
      style={
        Object {
          "flexDirection": "row",
        }
      }
    >
      <Text
        accessible={true}
        allowFontScaling={true}
        ellipsizeMode="tail"
        style={
          Array [
            Object {
              "fontSize": 18,
            },
            Object {
              "color": "#ffffff",
            },
            false,
            false,
          ]
        }
      >
        +
      </Text>
    </View>
  </View>
  <View
    accessibilityComponentType={undefined}
    accessibilityLabel={undefined}
    accessibilityTraits={undefined}
    accessible={true}
    hasTVPreferredFocus={undefined}
    hitSlop={undefined}
    isTVSelectable={true}
    nativeID={undefined}
    onLayout={undefined}
    onResponderGrant={[Function]}
    onResponderMove={[Function]}
    onResponderRelease={[Function]}
    onResponderTerminate={[Function]}
    onResponderTerminationRequest={[Function]}
    onStartShouldSetResponder={[Function]}
    style={
      Array [
        Object {
          "backgroundColor": "transparent",
        },
        Array [
          Object {
            "alignItems": "center",
            "borderRadius": 5,
            "borderWidth": 1,
            "justifyContent": "center",
          },
          Object {
            "height": 47,
            "paddingLeft": 15,
            "paddingRight": 15,
          },
          Object {
            "backgroundColor": "#e94f4f",
            "borderColor": "#e94f4f",
          },
          false,
          false,
          false,
          undefined,
        ],
      ]
    }
    testID={undefined}
    tvParallaxProperties={undefined}
  >
    <View
      style={
        Object {
          "flexDirection": "row",
        }
      }
    >
      <Text
        accessible={true}
        allowFontScaling={true}
        ellipsizeMode="tail"
        style={
          Array [
            Object {
              "fontSize": 18,
            },
            Object {
              "color": "#ffffff",
            },
            false,
            false,
          ]
        }
      >
        -
      </Text>
    </View>
  </View>
</View>
`;
